[INGESTER] Falha/Timeout no clone retroativo para https://github.com/chromium/chromium
[INGESTER] Falha/Timeout no clone retroativo para https://github.com/xbmc/xbmc
[INGESTER] Falha/Timeout no clone retroativo para https://github.com/opensearch-project/opensearch
[INGESTER] Falha/Timeout no clone retroativo para https://github.com/FreeCAD/FreeCAD
[INGESTER] Falha/Timeout no clone retroativo para https://github.com/blender/blender
[INGESTER] Falha/Timeout no clone retroativo para https://github.com/Tencent-Hunyuan/HY-World-2.0
[INGESTER] Falha/Timeout no clone retroativo para https://github.com/chromium/chromium
[INGESTER] Falha/Timeout no clone retroativo para https://github.com/mrdoob/three.js
[INGESTER] Falha/Timeout no clone retroativo para https://github.com/opensearch-project/opensearch
[INGESTER] Falha/Timeout no clone retroativo para https://github.com/kamranahmedse/developer-roadmap
[INGESTER] Falha/Timeout no clone retroativo para https://github.com/solutions/industry
[INGESTER] Falha/Timeout no clone retroativo para https://github.com/solutions/use-case
[INGESTER] Falha/Timeout no clone retroativo para https://github.com/resources/articles
[INGESTER] Falha/Timeout no clone retroativo para https://github.com/resources/events
[INGESTER] Falha/Timeout no clone retroativo para https://github.com/resources/whitepapers
[INGESTER] Falha/Timeout no clone retroativo para https://github.com/solutions/executive-insights
[INGESTER] Falha/Timeout no clone retroativo para https://github.com/orgs/community
[INGESTER] Falha/Timeout no clone retroativo para https://github.com/sponsors/explore
[INGESTER] Falha/Timeout no clone retroativo para https://github.com/FreeCAD/FreeCAD
[INGESTER] Falha/Timeout no clone retroativo para https://github.com/tinyhumansai/openhuman
[INGESTER] Falha/Timeout no clone retroativo para https://github.com/apps/github-actions
[INGESTER] Erro ao gerar blueprint retroativo para https://github.com/supertone-inc/supertonic: ENOENT: no such file or directory, stat '/app/applet/POOL/.tmp/https___github_com_supertone_inc_supertonic/cpp/assets'
[INGESTER] Falha/Timeout no clone retroativo para https://github.com/blender/blender
[INGESTER] Falha/Timeout no clone retroativo para https://github.com/chromium/chromium
[INGESTER] Falha/Timeout no clone retroativo para https://github.com/Tencent-Hunyuan/HY-World-2.0
[INGESTER] Falha/Timeout no clone retroativo para https://github.com/ruvnet/RuView
[INGESTER] Falha/Timeout no clone retroativo para https://github.com/apps/dependabot
[INGESTER] Falha/Timeout no clone retroativo para https://github.com/apps/tech-leads-club-release-bot
[INGESTER] Falha/Timeout no clone retroativo para https://github.com/opensearch-project/opensearch
[INGESTER] Falha/Timeout no clone retroativo para https://github.com/mrdoob/three.js
[INGESTER] Falha/Timeout no clone retroativo para https://github.com/FreeCAD/FreeCAD
[INGESTER] Falha/Timeout no clone retroativo para https://github.com/humanlayer/12-factor-agents
[INGESTER] Falha/Timeout no clone retroativo para https://github.com/kamranahmedse/developer-roadmap
[INGESTER] Falha/Timeout no clone retroativo para https://github.com/solutions/industry
[INGESTER] Falha/Timeout no clone retroativo para https://github.com/solutions/use-case
[INGESTER] Falha/Timeout no clone retroativo para https://github.com/resources/articles
[INGESTER] Falha/Timeout no clone retroativo para https://github.com/resources/events
[INGESTER] Falha/Timeout no clone retroativo para https://github.com/resources/whitepapers
[INGESTER] Falha/Timeout no clone retroativo para https://github.com/solutions/executive-insights
[INGESTER] Falha/Timeout no clone retroativo para https://github.com/orgs/community
[INGESTER] Falha/Timeout no clone retroativo para https://github.com/sponsors/explore
[INGESTER] Falha/Timeout no clone retroativo para https://github.com/blender/blender
[INGESTER] Falha/Timeout no clone retroativo para https://github.com/apps/github-actions
[INGESTER] Erro ao gerar blueprint retroativo para https://github.com/supertone-inc/supertonic: ENOENT: no such file or directory, stat '/app/applet/POOL/.tmp/https___github_com_supertone_inc_supertonic/cpp/assets'
[INGESTER] Falha/Timeout no clone retroativo para https://github.com/microsoft/ai-agents-for-beginners
[INGESTER] Falha/Timeout no clone retroativo para https://github.com/Tencent-Hunyuan/HY-World-2.0
[INGESTER] Falha/Timeout no clone retroativo para https://github.com/ruvnet/RuView
[INGESTER] Falha/Timeout no clone retroativo para https://github.com/apps/dependabot
[INGESTER] Falha/Timeout no clone retroativo para https://github.com/apps/tech-leads-club-release-bot
[INGESTER] Falha/Timeout no clone retroativo para https://github.com/ZhuLinsen/daily_stock_analysis
[INGESTER] Falha/Timeout no clone retroativo para https://github.com/sponsors/plausible
[INGESTER] Falha/Timeout no clone retroativo para https://github.com/mrdoob/three.js
[INGESTER] Falha/Timeout no clone retroativo para https://github.com/apps/github-merge-queue
[INGESTER] Falha/Timeout no clone retroativo para https://github.com/humanlayer/12-factor-agents
[INGESTER] Falha/Timeout no clone retroativo para https://github.com/kamranahmedse/developer-roadmap
[INGESTER] Falha/Timeout no clone retroativo para https://github.com/solutions/industry
[INGESTER] Falha/Timeout no clone retroativo para https://github.com/solutions/use-case
[INGESTER] Falha/Timeout no clone retroativo para https://github.com/resources/articles
[INGESTER] Falha/Timeout no clone retroativo para https://github.com/resources/events
[INGESTER] Falha/Timeout no clone retroativo para https://github.com/resources/whitepapers
[INGESTER] Falha/Timeout no clone retroativo para https://github.com/solutions/executive-insights
[INGESTER] Falha/Timeout no clone retroativo para https://github.com/orgs/community
[INGESTER] Falha/Timeout no clone retroativo para https://github.com/sponsors/explore
[INGESTER] Falha/Timeout no clone retroativo para https://github.com/apps/github-actions
[INGESTER] Falha/Timeout no clone retroativo para https://github.com/freeCodeCamp/freeCodeCamp
[INGESTER] Falha/Timeout no clone retroativo para https://github.com/supertone-inc/supertonic
[INGESTER] Falha/Timeout no clone retroativo para https://github.com/microsoft/ai-agents-for-beginners
[INGESTER] Falha/Timeout no clone retroativo para https://github.com/donnemartin/system-design-primer
[INGESTER] Falha/Timeout no clone retroativo para https://github.com/sponsors/plausible
[INGESTER] Falha/Timeout no clone retroativo para https://github.com/apps/github-merge-queue
[INGESTER] Falha/Timeout no clone retroativo para https://github.com/apps/dependabot
[INGESTER] Falha/Timeout no clone retroativo para https://github.com/apps/tech-leads-club-release-bot
[INGESTER] Falha/Timeout no clone retroativo para https://github.com/chromium/chromium
[INGESTER] Falha/Timeout no clone retroativo para https://github.com/tensorflow/tensorflow
[INGESTER] Falha/Timeout no clone retroativo para https://github.com/modelcontextprotocol/server
[INGESTER] Falha/Timeout no clone retroativo para https://github.com/microsoft/ai-agents-for-beginners
[INGESTER] Falha/Timeout no clone retroativo para https://github.com/sponsors/plausible
[INGESTER] Falha/Timeout no clone retroativo para https://github.com/apps/github-merge-queue
[INGESTER] Falha/Timeout no clone retroativo para https://github.com/tensorflow/tensorflow
[INGESTER] Falha/Timeout no clone retroativo para https://github.com/modelcontextprotocol/server
[INGESTER] Falha/Timeout no clone retroativo para https://github.com/BuilderIO/mitosis
[INGESTER] Falha/Timeout no clone retroativo para https://github.com/BuilderIO/mitosis
[INGESTER] Falha/Timeout no clone retroativo para https://github.com/FreeCAD/FreeCAD
[INGESTER] Falha/Timeout no clone retroativo para https://github.com/tensorflow/tensorflow
[INGESTER] Falha/Timeout no clone retroativo para https://github.com/modelcontextprotocol/server
[INGESTER] Falha/Timeout no clone retroativo para https://github.com/zed-industries/zed
[INGESTER] Falha/Timeout no clone retroativo para https://github.com/zed-industries/zed
[INGESTER] Falha/Timeout no clone retroativo para https://github.com/blender/blender
[INGESTER] Falha/Timeout no clone retroativo para https://github.com/zed-industries/zed
[INGESTER] Falha/Timeout no clone retroativo para https://github.com/oven-sh/bun
[INGESTER] Falha/Timeout no clone retroativo para https://github.com/oven-sh/bun
[INGESTER] Falha/Timeout no clone retroativo para https://github.com/Tencent-Hunyuan/HY-World-2.0
[INGESTER] Falha/Timeout no clone retroativo para https://github.com/oven-sh/bun
[INGESTER] Falha/Timeout no clone retroativo para https://github.com/tinyplex/tinybase
[INGESTER] Falha/Timeout no clone retroativo para https://github.com/tinyplex/tinybase
[INGESTER] Falha/Timeout no clone retroativo para https://github.com/mrdoob/three.js
[INGESTER] Falha/Timeout no clone retroativo para https://github.com/hoppscotch/hoppscotch
[INGESTER] Falha/Timeout no clone retroativo para https://github.com/tinyplex/tinybase
[INGESTER] Falha/Timeout no clone retroativo para https://github.com/hoppscotch/hoppscotch
[INGESTER] Falha/Timeout no clone retroativo para https://github.com/hoppscotch/hoppscotch
[INGESTER] Falha/Timeout no clone retroativo para https://github.com/drizzle-team/drizzle-orm
[INGESTER] Falha/Timeout no clone retroativo para https://github.com/kamranahmedse/developer-roadmap
[INGESTER] Falha/Timeout no clone retroativo para https://github.com/solutions/industry
[INGESTER] Falha/Timeout no clone retroativo para https://github.com/solutions/use-case
[INGESTER] Falha/Timeout no clone retroativo para https://github.com/drizzle-team/drizzle-orm
[INGESTER] Falha/Timeout no clone retroativo para https://github.com/resources/articles
[INGESTER] Falha/Timeout no clone retroativo para https://github.com/resources/events
[INGESTER] Falha/Timeout no clone retroativo para https://github.com/resources/whitepapers
[INGESTER] Falha/Timeout no clone retroativo para https://github.com/solutions/executive-insights
[INGESTER] Falha/Timeout no clone retroativo para https://github.com/orgs/community
[INGESTER] Falha/Timeout no clone retroativo para https://github.com/sponsors/explore
[INGESTER] Falha/Timeout no clone retroativo para https://github.com/apps/github-actions
[INGESTER] Falha/Timeout no clone retroativo para https://github.com/drizzle-team/drizzle-orm
[INGESTER] Erro ao gerar blueprint retroativo para https://github.com/supertone-inc/supertonic: ENOENT: no such file or directory, stat '/app/applet/POOL/.tmp/https___github_com_supertone_inc_supertonic/cpp/assets'
[INGESTER] Falha/Timeout no clone retroativo para https://github.com/apps/dependabot
[INGESTER] Falha/Timeout no clone retroativo para https://github.com/apps/tech-leads-club-release-bot
[INGESTER] Falha/Timeout no clone retroativo para https://github.com/marimo-team/marimo
[INGESTER] Falha/Timeout no clone retroativo para https://github.com/marimo-team/marimo
[INGESTER] Falha/Timeout no clone retroativo para https://github.com/marimo-team/marimo
[INGESTER] Falha/Timeout no clone retroativo para https://github.com/microsoft/ai-agents-for-beginners
[INGESTER] Falha/Timeout no clone retroativo para https://github.com/sponsors/plausible
[INGESTER] Falha/Timeout no clone retroativo para https://github.com/apps/github-merge-queue
[INGESTER] Falha/Timeout no clone retroativo para https://github.com/juspay/hyperswitch
[INGESTER] Falha/Timeout no clone retroativo para https://github.com/juspay/hyperswitch
[INGESTER] Falha/Timeout no clone retroativo para https://github.com/juspay/hyperswitch
[INGESTER] Falha/Timeout no clone retroativo para https://github.com/tensorflow/tensorflow
[INGESTER] Falha/Timeout no clone retroativo para https://github.com/modelcontextprotocol/server
[INGESTER] Falha/Timeout no clone retroativo para https://github.com/lichess-org/lila
[INGESTER] Falha/Timeout no clone retroativo para https://github.com/lichess-org/lila
[INGESTER] Falha/Timeout no clone retroativo para https://github.com/lichess-org/lila
[INGESTER] Falha/Timeout no clone retroativo para https://github.com/zed-industries/zed
[INGESTER] Falha/Timeout no clone retroativo para https://github.com/framer/motion
[INGESTER] Falha/Timeout no clone retroativo para https://github.com/framer/motion
[INGESTER] Falha/Timeout no clone retroativo para https://github.com/framer/motion
[INGESTER] Falha/Timeout no clone retroativo para https://github.com/oven-sh/bun
[INGESTER] Falha/Timeout no clone retroativo para https://github.com/themesberg/flowbite
[INGESTER] Falha/Timeout no clone retroativo para https://github.com/themesberg/flowbite
[INGESTER] Falha/Timeout no clone retroativo para https://github.com/themesberg/flowbite
[INGESTER] Falha/Timeout no clone retroativo para https://github.com/tinyplex/tinybase
[INGESTER] Falha/Timeout no clone retroativo para https://github.com/hoppscotch/hoppscotch
[INGESTER] Falha/Timeout no clone retroativo para https://github.com/drizzle-team/drizzle-orm
[INGESTER] Falha/Timeout no clone retroativo para https://github.com/marimo-team/marimo
[INGESTER] Falha/Timeout no clone retroativo para https://github.com/juspay/hyperswitch
[INGESTER] Falha/Timeout no clone retroativo para https://github.com/lichess-org/lila
[INGESTER] Falha/Timeout no clone retroativo para https://github.com/framer/motion
[INGESTER] Falha/Timeout no clone retroativo para https://github.com/themesberg/flowbite
[INGESTER] Falha/Timeout no clone retroativo para https://github.com/chromium/chromium
[INGESTER] Falha/Timeout no clone retroativo para https://github.com/FreeCAD/FreeCAD
[INGESTER] Falha/Timeout no clone retroativo para https://github.com/blender/blender
[INGESTER] Falha/Timeout no clone retroativo para https://github.com/Tencent-Hunyuan/HY-World-2.0
[INGESTER] Falha/Timeout no clone retroativo para https://github.com/chromium/chromium
[INGESTER] Falha/Timeout no clone retroativo para https://github.com/mrdoob/three.js
[INGESTER] Falha/Timeout no clone retroativo para https://github.com/FreeCAD/FreeCAD
[INGESTER] Falha/Timeout no clone retroativo para https://github.com/kamranahmedse/developer-roadmap
[INGESTER] Falha/Timeout no clone retroativo para https://github.com/blender/blender
[INGESTER] Erro ao gerar blueprint retroativo para https://github.com/supertone-inc/supertonic: ENOENT: no such file or directory, stat '/app/applet/POOL/.tmp/https___github_com_supertone_inc_supertonic/cpp/assets'
[INGESTER] Falha/Timeout no clone retroativo para https://github.com/modelcontextprotocol/server
[INGESTER] Falha/Timeout no clone retroativo para https://github.com/Tencent-Hunyuan/HY-World-2.0
[INGESTER] Falha/Timeout no clone retroativo para https://github.com/oven-sh/bun
[INGESTER] Falha/Timeout no clone retroativo para https://github.com/drizzle-team/drizzle-orm
[INGESTER] Falha/Timeout no clone retroativo para https://github.com/mrdoob/three.js
